# ----------------------------------------------------------- // Base Development Tools
base-devel                                                    # essential tools for building packages

# ----------------------------------------------------------- // Display Manager & Security
lightdm                                                       # lightweight display manager
lightdm-gtk-greeter                                           # GTK+ greeter for LightDM
polkit-gnome                                                  # gnome authentication agent for polkit

# ----------------------------------------------------------- // Screenshot & Media
maim                                                          # screenshot utility
feh                                                           # lightweight image viewer and wallpaper setter

# ----------------------------------------------------------- // Web Browsers
firefox                                                       # mozilla web browser
qutebrowser                                                   # keyboard-driven vim-like browser

# ----------------------------------------------------------- // Audio & Display
pipewire                                                      # audio/video server
pipewire-pulse                                                # pipewire pulseaudio client
wireplumber                                                   # pipewire session manager
pavucontrol                                                   # pulseaudio volume control
pamixer                                                       # pulseaudio command line mixer
brightnessctl                                                 # brightness control utility
polybar                                                       # status bar for i3/bspwm

# ----------------------------------------------------------- // System Utilities
xclip                                                         # command line clipboard interface
udiskie                                                       # manage removable media
fastfetch                                                     # system information fetch tool

# ----------------------------------------------------------- // Archive & Compression
zip                                                           # create and modify zipfiles
unzip                                                         # extract and view files in zip archives
7zip                                                          # file archiver for extremely high compression

# ----------------------------------------------------------- // Network & Connectivity
networkmanager                                                # network manager
network-manager-applet                                        # network manager system tray utility

# ----------------------------------------------------------- // Bluetooth
bluez                                                         # bluetooth protocol stack
bluez-utils                                                   # bluetooth utility cli
blueman                                                       # bluetooth manager gui

# ----------------------------------------------------------- // Shell & Terminal
zsh                                                           # z shell with advanced features
fzf                                                           # command-line fuzzy finder
alacritty                                                     # gpu-accelerated terminal emulator
kitty                                                         # fast terminal emulator

# ----------------------------------------------------------- // Window Manager & Compositor
picom                                                         # compositor for transparency and effects

# ----------------------------------------------------------- // Text Editors & File Management
vim                                                           # vi improved text editor
neovim                                                        # vim-based text editor
yazi                                                          # terminal file manager
dolphin                                                       # kde file manager

# ----------------------------------------------------------- // Application Launcher & Notifications
rofi                                                          # application launcher and dmenu replacement
dunst                                                         # notification daemon

# ----------------------------------------------------------- // Terminal Multiplexer
tmux                                                          # terminal multiplexer

# ----------------------------------------------------------- // Development & Containers
docker                                                        # containerization platform
docker-compose                                                # tool for defining multi-container apps
nodejs                                                        # javascript runtime
npm                                                           # node package manager
python                                                        # python programming language

# ----------------------------------------------------------- // Version Control
git                                                           # distributed version control system
lazygit                                                       # terminal ui for git commands

# ----------------------------------------------------------- // Gaming & Emulation
dolphin                                                       # gamecube and wii emulator
